// Jest Snapshot v1, https://goo.gl/fbAQLP

exports[`renders correctly 1`] = `
<View
  onLayout={[Function]}
  style={
    Object {
      "height": "100%",
      "width": "100%",
    }
  }
>
  <View />
</View>
`;
